<div style="color:Black;background-color:White;"><pre>
<span style="color:Magenta;">ABS</span>
<span style="color:Magenta;">ACOS</span>
<span style="color:Magenta;">ASCII</span>
<span style="color:Magenta;">ASIN</span>
<span style="color:Magenta;">ATAN</span>
<span style="color:Magenta;">ATN2</span>
<span style="color:Magenta;">APP_NAME</span>
<span style="color:Magenta;">AVG</span>
<span style="color:Magenta;">BINARY_CHECKSUM</span>
<span style="color:Magenta;">CAST</span>
<span style="color:Magenta;">CEILING</span>
<span style="color:Magenta;">CHARINDEX</span>
<span style="color:Magenta;">CHECKSUM</span>
<span style="color:Magenta;">CONVERT</span>
<span style="color:Magenta;">COS</span>
<span style="color:Magenta;">COT</span>
<span style="color:Magenta;">COALESCE</span>
<span style="color:Magenta;">COLLATIONPROPERTY</span>
<span style="color:Magenta;">COLUMNS_UPDATED</span>
<span style="color:Magenta;">COUNT</span>
<span style="color:Magenta;">COUNT_BIG</span>
<span style="color:Magenta;">CURRENT_TIMESTAMP</span>
<span style="color:Magenta;">CURRENT_USER</span>
<span style="color:Magenta;">CURSOR_STATUS</span>
<span style="color:Magenta;">DATALENGTH</span>
<span style="color:Magenta;">DAY</span>
<span style="color:Magenta;">DB_NAME</span>
<span style="color:Magenta;">DB_ID</span>
<span style="color:Magenta;">DEGREES</span>
<span style="color:Magenta;">DIFFERENCE</span>
<span style="color:Magenta;">@@ERROR</span>
<span style="color:Magenta;">EXP</span>
<span style="color:Magenta;">ERROR_LINE</span>
<span style="color:Magenta;">ERROR_MESSAGE</span>
<span style="color:Magenta;">ERROR_NUMBER</span>
<span style="color:Magenta;">ERROR_PROCEDURE</span>
<span style="color:Magenta;">ERROR_SEVERITY</span>
<span style="color:Magenta;">ERROR_STATE</span>
<span style="color:Magenta;">@@FETCH_STATUS</span>
<span style="color:Magenta;">FLOOR</span>
<span style="color:Magenta;">FORMATMESSAGE</span>
<span style="color:Magenta;">GETANSINULL</span>
<span style="color:Magenta;">GETDATE</span>
<span style="color:Magenta;">GROUPING</span>
<span style="color:Magenta;">HOST_ID</span>
<span style="color:Magenta;">HOST_NAME</span>
<span style="color:Magenta;">IDENT_CURRENT</span>
<span style="color:Magenta;">IDENT_INCR</span>
<span style="color:Magenta;">IDENT_SEED</span>
<span style="color:Magenta;">@@IDENTITY</span>
<span style="color:Magenta;">ISDATE</span>
<span style="color:Magenta;">ISNULL</span>
<span style="color:Magenta;">ISNUMERIC</span>
<span style="color:Magenta;">LEN</span>
<span style="color:Magenta;">LOG</span>
<span style="color:Magenta;">LOG10</span>
<span style="color:Magenta;">LOWER</span>
<span style="color:Magenta;">LTRIM</span>
<span style="color:Magenta;">MAX</span>
<span style="color:Magenta;">MIN</span>
<span style="color:Magenta;">MONTH</span>
<span style="color:Magenta;">NEWID</span>
<span style="color:Magenta;">NULLIF</span>
<span style="color:Magenta;">PARSENAME</span>
<span style="color:Magenta;">PATINDEX</span>
<span style="color:Magenta;">PI</span>
<span style="color:Magenta;">POWER</span>
<span style="color:Magenta;">ORIGINAL_LOGIN</span>
<span style="color:Magenta;">RADIANS</span>
<span style="color:Magenta;">RAND</span>
<span style="color:Magenta;">ROUND</span>
<span style="color:Magenta;">@@ROWCOUNT</span>
<span style="color:Magenta;">ROW_NUMBER</span>
<span style="color:Magenta;">RTRIM</span>
<span style="color:Magenta;">SCOPE_IDENTITY</span>
<span style="color:Magenta;">SERVERPROPERTY</span>
<span style="color:Magenta;">SESSIONPROPERTY</span>
<span style="color:Magenta;">SESSION_USER</span>
<span style="color:Magenta;">SIGN</span>
<span style="color:Magenta;">SIN</span>
<span style="color:Magenta;">SPACE</span>
<span style="color:Magenta;">STATS_DATE</span>
<span style="color:Magenta;">STDEV</span>
<span style="color:Magenta;">STDEVP</span>
<span style="color:Magenta;">SUSER_NAME</span>
<span style="color:Magenta;">SQRT</span>
<span style="color:Magenta;">SQL_VARIANT</span>
<span style="color:Magenta;">SQL_VARIANT_PROPERTY</span>
<span style="color:Magenta;">SUBSTRING</span>
<span style="color:Magenta;">SUM</span>
<span style="color:Magenta;">SYSTEM_USER</span>
<span style="color:Magenta;">TAN</span>
<span style="color:Magenta;">@@TRANCOUNT</span>
<span style="color:Magenta;">QUOTENAME</span>
<span style="color:Magenta;">REPLACE</span>
<span style="color:Magenta;">REPLICATE</span>
<span style="color:Magenta;">REVERSE</span>
<span style="color:Magenta;">SOUNDEX</span>
<span style="color:Magenta;">STR</span>
<span style="color:Magenta;">STUFF</span>
<span style="color:Magenta;">UNICODE</span>
<span style="color:Magenta;">UPPER</span>
<span style="color:Magenta;">USER</span>
<span style="color:Magenta;">USER_NAME</span>
<span style="color:Magenta;">VAR</span>
<span style="color:Magenta;">VARP</span>
<span style="color:Magenta;">XACT_STATE</span>
<span style="color:Magenta;">YEAR</span>
</pre></div>