<div style="color:Black;background-color:White;"><pre>
<span style="color:Blue;">begin</span>
<span style="color:Blue;">break</span>
<span style="color:Blue;">catch</span>
<span style="color:Blue;">continue</span>
<span style="color:Blue;">data</span>
<span style="color:Blue;">do</span>
<span style="color:Blue;">dynamicparam</span>
<span style="color:Blue;">elseif</span>
<span style="color:Blue;">else</span>
<span style="color:Blue;">end</span>
<span style="color:Blue;">exit</span>
<span style="color:Blue;">filter</span>
<span style="color:Blue;">finally</span>
<span style="color:Blue;">foreach</span>
<span style="color:Blue;">for</span>
<span style="color:Blue;">from</span>
<span style="color:Blue;">function</span>
<span style="color:Blue;">if</span>
<span style="color:Blue;">in</span>
<span style="color:Blue;">param</span>
<span style="color:Blue;">process</span>
<span style="color:Blue;">return</span>
<span style="color:Blue;">switch</span>
<span style="color:Blue;">throw</span>
<span style="color:Blue;">trap</span>
<span style="color:Blue;">try</span>
<span style="color:Blue;">until</span>
<span style="color:Blue;">while</span>
</pre></div>