<div style="color:Black;background-color:White;"><pre>
<span style="color:Gray;">-eq</span>
<span style="color:Gray;">-ceq</span>
<span style="color:Gray;">-ieq</span>
<span style="color:Gray;">-ne</span>
<span style="color:Gray;">-cne</span>
<span style="color:Gray;">-ine</span>
<span style="color:Gray;">-gt</span>
<span style="color:Gray;">-cgt</span>
<span style="color:Gray;">-igt</span>
<span style="color:Gray;">-ge</span>
<span style="color:Gray;">-cge</span>
<span style="color:Gray;">-ige</span>
<span style="color:Gray;">-lt</span>
<span style="color:Gray;">-clt</span>
<span style="color:Gray;">-ilt</span>
<span style="color:Gray;">-le</span>
<span style="color:Gray;">-cle</span>
<span style="color:Gray;">-ile</span>
<span style="color:Gray;">-notlike</span>
<span style="color:Gray;">-cnotlike</span>
<span style="color:Gray;">-inotlike</span>
<span style="color:Gray;">-like</span>
<span style="color:Gray;">-clike</span>
<span style="color:Gray;">-ilike</span>
<span style="color:Gray;">-notmatch</span>
<span style="color:Gray;">-cnotmatch</span>
<span style="color:Gray;">-inotmatch</span>
<span style="color:Gray;">-match</span>
<span style="color:Gray;">-cmatch</span>
<span style="color:Gray;">-imatch</span>
<span style="color:Gray;">-notcontains</span>
<span style="color:Gray;">-cnotcontains</span>
<span style="color:Gray;">-inotcontains</span>
<span style="color:Gray;">-contains</span>
<span style="color:Gray;">-ccontains</span>
<span style="color:Gray;">-icontains</span>
<span style="color:Gray;">-replace</span>
<span style="color:Gray;">-creplace</span>
<span style="color:Gray;">-ireplace</span>
<span style="color:Gray;">-band</span>
<span style="color:Gray;">-and</span>
<span style="color:Gray;">-as</span>
<span style="color:Gray;">-join</span>
<span style="color:Gray;">-not</span>
<span style="color:Gray;">-bxor</span>
<span style="color:Gray;">-xor</span>
<span style="color:Gray;">-bor</span>
<span style="color:Gray;">-or</span>
<span style="color:Gray;">-isnot</span>
<span style="color:Gray;">-is</span>
<span style="color:Gray;">-split</span>
<span style="color:Gray;">+=</span>
<span style="color:Gray;">-=</span>
<span style="color:Gray;">*=</span>
<span style="color:Gray;">/=</span>
<span style="color:Gray;">%=</span>
<span style="color:Gray;">=</span>
<span style="color:Gray;">++</span>
<span style="color:Gray;">--</span>
<span style="color:Gray;">+</span>
<span style="color:Gray;">-</span>
<span style="color:Gray;">*</span>
<span style="color:Gray;">/</span>
<span style="color:Gray;">%</span>
<span style="color:Gray;">&gt;&gt;</span>
<span style="color:Gray;">&gt;</span>
<span style="color:Gray;">2&gt;&gt;</span>
<span style="color:Gray;">2&gt;</span>
<span style="color:Gray;">2&gt;&amp;1</span>
</pre></div>