<div style="color:Black;background-color:White;"><pre>
<span style="color:Blue;">Public</span> <span style="color:Blue;">Class</span> StringsTest
    <span style="color:Blue;">Public</span> <span style="color:Blue;">Sub</span> DoSomething()
        <span style="color:Blue;">Dim</span> a <span style="color:Blue;">As</span> <span style="color:Blue;">String</span> = <span style="color:#A31515;">&quot;someText&quot;</span>
        <span style="color:Blue;">Dim</span> b <span style="color:Blue;">As</span> <span style="color:Blue;">String</span> = <span style="color:#A31515;">&quot;&quot;&quot;someText&quot;&quot;&quot;</span>
        <span style="color:Blue;">Dim</span> c <span style="color:Blue;">As</span> <span style="color:Blue;">String</span> = <span style="color:#A31515;">&quot;foo &quot;&quot;someText&quot;&quot; foo&quot;</span>
        <span style="color:Blue;">Dim</span> d <span style="color:Blue;">As</span> <span style="color:Blue;">String</span> = <span style="color:#A31515;">&quot;&quot;</span>
        <span style="color:Blue;">Dim</span> e <span style="color:Blue;">As</span> <span style="color:Blue;">String</span> = <span style="color:#A31515;">&quot;foo &quot;</span> &amp; <span style="color:#A31515;">&quot;bar&quot;</span>
    <span style="color:Blue;">End</span> <span style="color:Blue;">Sub</span>
<span style="color:Blue;">End</span> <span style="color:Blue;">Class</span>
</pre></div>