<div style="color:Black;background-color:White;"><pre>
<span style="color:Blue;">&lt;?</span><span style="color:#A31515;">xml</span> <span style="color:Red;">version</span><span style="color:Blue;">=</span><span style="color:Black;">&quot;</span><span style="color:Blue;">1.0</span><span style="color:Black;">&quot;</span> <span style="color:Red;">encoding</span><span style="color:Blue;">=</span><span style="color:Black;">&quot;</span><span style="color:Blue;">utf-8</span><span style="color:Black;">&quot;</span> <span style="color:Blue;">?&gt;</span>
<span style="color:Blue;">&lt;?</span><span style="color:#A31515;">xml-stylesheet</span><span style="color:Gray;"> type=&quot;text/xsl&quot; href=&quot;show_book.xsl&quot; title=&quot;default stylesheet&quot;</span><span style="color:Blue;">?&gt;</span>
<span style="color:Blue;">&lt;</span><span style="color:#A31515;">doc</span><span style="color:Blue;">&gt;</span><span style="color:Blue;">&lt;/</span><span style="color:#A31515;">doc</span><span style="color:Blue;">&gt;</span>
</pre></div>