<div style="color:Black;background-color:White;"><pre>
<span style="background-color:Yellow;">&lt;%</span><span style="color:Blue;">@</span> <span style="color:#A31515;">WebHandler</span> <span style="color:Red;">Language</span><span style="color:Blue;">=</span><span style="color:Blue;">&quot;C#&quot;</span> <span style="color:Red;">Class</span><span style="color:Blue;">=</span><span style="color:Blue;">&quot;Handler&quot;</span> <span style="background-color:Yellow;">%&gt;</span>

<span style="color:Blue;">using</span> System;
<span style="color:Blue;">using</span> System.Web;

<span style="color:Blue;">public</span> <span style="color:Blue;">class</span> Handler : IHttpHandler
{
    <span style="color:Blue;">public</span> <span style="color:Blue;">void</span> ProcessRequest (HttpContext context)
    {
        context.Response.ContentType = <span style="color:#A31515;">&quot;text/plain&quot;</span>;
        context.Response.Write(<span style="color:#A31515;">&quot;Hello World&quot;</span>);
    }

    <span style="color:Blue;">public</span> <span style="color:Blue;">bool</span> IsReusable
    {
        <span style="color:Blue;">get</span> { <span style="color:Blue;">return</span> <span style="color:Blue;">false</span>; }
    }
}
</pre></div>