<div style="color:Black;background-color:White;"><pre>
<span style="color:Blue;">using</span> System.Reflection;
<span style="color:Blue;">using</span> System.Runtime.CompilerServices;
<span style="color:Blue;">using</span> System.Runtime.InteropServices;
<span style="color:Blue;">using</span> System.Resources;

<span style="color:Green;">// General Information about an assembly is controlled through the following </span>
<span style="color:Green;">// set of attributes. Change these attribute values to modify the information</span>
<span style="color:Green;">// associated with an assembly.</span>
[<span style="color:Blue;">assembly</span>: AssemblyTitle(<span style="color:#A31515;">&quot;Global&quot;</span>)]
[<span style="color:Blue;">assembly</span>: AssemblyDescription(<span style="color:#A31515;">&quot;&quot;</span>)]
[<span style="color:Blue;">assembly</span>: AssemblyConfiguration(<span style="color:#A31515;">&quot;&quot;</span>)]
[<span style="color:Blue;">assembly</span>: AssemblyCompany(<span style="color:#A31515;">&quot;Fnord&quot;</span>)]
[<span style="color:Blue;">assembly</span>: AssemblyProduct(<span style="color:#A31515;">&quot;Global&quot;</span>)]
[<span style="color:Blue;">assembly</span>: AssemblyCopyright(<span style="color:#A31515;">&quot;Copyright &#169; Fnord 2010&quot;</span>)]
[<span style="color:Blue;">assembly</span>: AssemblyTrademark(<span style="color:#A31515;">&quot;&quot;</span>)]
[<span style="color:Blue;">assembly</span>: AssemblyCulture(<span style="color:#A31515;">&quot;&quot;</span>)]

<span style="color:Green;">// Setting ComVisible to false makes the types in this assembly not visible </span>
<span style="color:Green;">// to COM components.  If you need to access a type in this assembly from </span>
<span style="color:Green;">// COM, set the ComVisible attribute to true on that type.</span>
[<span style="color:Blue;">assembly</span>: ComVisible(false)]

<span style="color:Green;">// The following GUID is for the ID of the typelib if this project is exposed to COM</span>
[<span style="color:Blue;">assembly</span>: Guid(<span style="color:#A31515;">&quot;f4fd840f-e0b8-431f-8e32-c58a82baaf36&quot;</span>)]

<span style="color:Green;">// Version information for an assembly consists of the following four values:</span>
<span style="color:Green;">//</span>
<span style="color:Green;">//      Major Version</span>
<span style="color:Green;">//      Minor Version </span>
<span style="color:Green;">//      Build Number</span>
<span style="color:Green;">//      Revision</span>
<span style="color:Green;">//</span>
<span style="color:Green;">// You can specify all the values or you can default the Revision and Build Numbers </span>
<span style="color:Green;">// by using the '*' as shown below:</span>
[<span style="color:Blue;">assembly</span>: AssemblyVersion(<span style="color:#A31515;">&quot;1.0.0.0&quot;</span>)]
[<span style="color:Blue;">assembly</span>: AssemblyFileVersion(<span style="color:#A31515;">&quot;1.0.0.0&quot;</span>)]
[<span style="color:Blue;">assembly</span>: NeutralResourcesLanguageAttribute(<span style="color:#A31515;">&quot;&quot;</span>)]

</pre></div>