<div style="color:Black;background-color:White;"><pre>
<span style="color:Blue;">using</span> System;

<span style="color:Blue;">namespace</span> Xunit
{
    <span style="color:Gray;">///</span> <span style="color:Gray;">&lt;summary&gt;</span>
    <span style="color:Gray;">///</span><span style="color:Green;"> Represents a logger used by &lt;see cref=&quot;TestRunner&quot;/&gt; and &lt;see cref=&quot;XmlLoggerAdapter&quot;/&gt;.</span>
    <span style="color:Gray;">///</span> <span style="color:Gray;">&lt;/summary&gt;</span>
    <span style="color:Blue;">public</span> <span style="color:Blue;">interface</span><span style="color:MediumTurquoise;"> IRunnerLogger
    </span>{
    }
}
</pre></div>