<div style="color:Black;background-color:White;"><pre>
<span style="color:Blue;">public</span> <span style="color:Blue;">class</span><span style="color:MediumTurquoise;"> IntermediateProject :
        IIntermediateProject,
        IAttributeDeclarationTarget
</span>{
    <span style="color:Blue;">#region</span> IntermediateProject data members.
    <span style="color:Gray;">///</span> <span style="color:Gray;">&lt;summary&gt;</span>
    <span style="color:Gray;">///</span><span style="color:Green;"> Data member for &lt;see cref=&quot;Classes&quot;/&gt;.</span>
    <span style="color:Gray;">///</span> <span style="color:Gray;">&lt;/summary&gt;</span>
    <span style="color:Blue;">private</span> IClassTypes classes;
    <span style="color:Gray;">///</span> <span style="color:Gray;">&lt;summary&gt;</span>
    <span style="color:Gray;">///</span><span style="color:Green;"> Data member for &lt;see cref=&quot;Delegates&quot;/&gt;.</span>
    <span style="color:Gray;">///</span> <span style="color:Gray;">&lt;/summary&gt;</span>
    <span style="color:Blue;">private</span> IDelegateTypes delegates;
    <span style="color:Blue;">#endregion</span>
}
</pre></div>