<div style="color:Black;background-color:White;"><pre>
<span style="color:Blue;">public</span> <span style="color:Blue;">class</span> StringEncoding
{
    <span style="color:Blue;">public</span> <span style="color:Blue;">void</span> Foo()
    {
        <span style="color:Blue;">string</span> a = <span style="color:#A31515;">@&quot;&quot;&quot;someText&quot;&quot;&quot;</span>;
        <span style="color:Blue;">string</span> b = <span style="color:#A31515;">&quot;\&quot;someText\&quot;&quot;</span>;
        <span style="color:Blue;">string</span> c = <span style="color:#A31515;">@&quot;
&quot;&quot;someText&quot;&quot;
&quot;</span>;
        <span style="color:Blue;">char</span> d = <span style="color:#A31515;">'a'</span>;
        <span style="color:Blue;">char</span> e = <span style="color:#A31515;">'\''</span>;
    }
}
</pre></div>