<div style="color:Black;background-color:White;"><pre>
<span style="color:#A31515;">body</span>
{
    <span style="color:Red;">background-color</span>: <span style="color:Blue;">#cfcfcf</span>;
    <span style="color:Red;">font-family</span>: <span style="color:Blue;">Verdana</span>;
    <span style="color:Red;">font-size</span>: <span style="color:Blue;">small</span>;
    <span style="color:Red;">margin</span>: <span style="color:Blue;">8px 8px 8px 8px</span>;
}

<span style="color:#A31515;">#container</span>
{
    <span style="color:Red;">background-color</span>: <span style="color:Blue;">#ffffff</span>;
    <span style="color:Red;">border</span>: <span style="color:Blue;">solid 1px #b0b0b0</span>;
    <span style="color:Red;">padding</span>: <span style="color:Blue;">1em 1em 0em 1em</span>;
    <span style="color:Red;">margin-left</span>: <span style="color:Blue;">auto</span>;
    <span style="color:Red;">margin-right</span>: <span style="color:Blue;">auto</span>;
    <span style="color:Red;">max-width</span>: <span style="color:Blue;">1238px</span>;
    <span style="color:Red;">min-width</span>: <span style="color:Blue;">960px</span>;
}

<span style="color:#A31515;">.leftSubHeaderContainer</span>
{<span style="color:Green;">
    /*margin-bottom: 8px;*/</span>
    <span style="color:Red;">float</span>: <span style="color:Blue;">left</span>;
    <span style="color:Red;">width</span>: <span style="color:Blue;">66%</span>;
}

<span style="color:#A31515;">.mastheadsearchbox</span>
{
}

<span style="color:#A31515;">.mastheadscarabbox</span>, <span style="color:#A31515;">.mastheadscarabbox a</span>
{
    <span style="color:Red;">font-size</span>: <span style="color:Blue;">8pt</span>;
}
</pre></div>